---
source: minijinja/tests/test_templates.rs
description: "Hello {{ name }}!"
info:
  ctx:
    name: World
input_file: minijinja/tests/inputs/hello.txt
---
Hello World!

