---
source: minijinja/tests/test_templates.rs
description: "{{ {\"foo\":\"bar\"}.foo }}"
info:
  ctx: {}
input_file: minijinja/tests/inputs/map.txt
---
bar

