---
source: minijinja/tests/test_templates.rs
expression: "&rendered"
input_file: minijinja/tests/inputs/or.txt
---
42
23
23

