---
source: minijinja/tests/test_templates.rs
description: "{{ none }}\n{{ undefined }}"
info:
  ctx: {}
input_file: minijinja/tests/inputs/undefined.txt
---
none


