---
source: minijinja/tests/test_templates.rs
expression: "&rendered"
input_file: minijinja/tests/inputs/filters.txt

---
lower: bird
upper: BIRD
replace: third
escape: &lt;
e: &lt;
double-escape: &lt;
safe: <
list-length: 3
map-length: 2
string-length: 4
string-count: 4
reverse-list: 3, 2, 1
reverse-string: driB
trim: |Spacebird|
trim-bird: ir
join-default: 123
join-pipe: 1|2|3
join_string: B-i-r-d
default: true
default-value: 42
d: true

=====

Template {
    name: "filters.txt",
    instructions: [
        00000 | EMIT_RAW (string "lower: ")   [<unknown>:1],
        00001 | LOOKUP (var "word")   [<unknown>:1],
        00002 | BUILD_LIST (0 items)   [<unknown>:1],
        00003 | APPLY_FILTER (name "lower")   [<unknown>:1],
        00004 | EMIT   [<unknown>:1],
        00005 | EMIT_RAW (string "\nupper: ")   [<unknown>:1],
        00006 | LOOKUP (var "word")   [<unknown>:2],
        00007 | BUILD_LIST (0 items)   [<unknown>:2],
        00008 | APPLY_FILTER (name "upper")   [<unknown>:2],
        00009 | EMIT   [<unknown>:2],
        0000a | EMIT_RAW (string "\nreplace: ")   [<unknown>:2],
        0000b | LOOKUP (var "word")   [<unknown>:3],
        0000c | LOAD_CONST (value "B")   [<unknown>:3],
        0000d | LOAD_CONST (value "th")   [<unknown>:3],
        0000e | BUILD_LIST (2 items)   [<unknown>:3],
        0000f | APPLY_FILTER (name "replace")   [<unknown>:3],
        00010 | EMIT   [<unknown>:3],
        00011 | EMIT_RAW (string "\nescape: ")   [<unknown>:3],
        00012 | LOAD_CONST (value "<")   [<unknown>:4],
        00013 | BUILD_LIST (0 items)   [<unknown>:4],
        00014 | APPLY_FILTER (name "escape")   [<unknown>:4],
        00015 | EMIT   [<unknown>:4],
        00016 | EMIT_RAW (string "\ne: ")   [<unknown>:4],
        00017 | LOAD_CONST (value "<")   [<unknown>:5],
        00018 | BUILD_LIST (0 items)   [<unknown>:5],
        00019 | APPLY_FILTER (name "e")   [<unknown>:5],
        0001a | EMIT   [<unknown>:5],
        0001b | EMIT_RAW (string "\ndouble-escape: ")   [<unknown>:5],
        0001c | LOAD_CONST (value "<")   [<unknown>:6],
        0001d | BUILD_LIST (0 items)   [<unknown>:6],
        0001e | APPLY_FILTER (name "escape")   [<unknown>:6],
        0001f | BUILD_LIST (0 items)   [<unknown>:6],
        00020 | APPLY_FILTER (name "escape")   [<unknown>:6],
        00021 | EMIT   [<unknown>:6],
        00022 | EMIT_RAW (string "\nsafe: ")   [<unknown>:6],
        00023 | LOAD_CONST (value "<")   [<unknown>:7],
        00024 | BUILD_LIST (0 items)   [<unknown>:7],
        00025 | APPLY_FILTER (name "safe")   [<unknown>:7],
        00026 | BUILD_LIST (0 items)   [<unknown>:7],
        00027 | APPLY_FILTER (name "escape")   [<unknown>:7],
        00028 | EMIT   [<unknown>:7],
        00029 | EMIT_RAW (string "\nlist-length: ")   [<unknown>:7],
        0002a | LOOKUP (var "list")   [<unknown>:8],
        0002b | BUILD_LIST (0 items)   [<unknown>:8],
        0002c | APPLY_FILTER (name "length")   [<unknown>:8],
        0002d | EMIT   [<unknown>:8],
        0002e | EMIT_RAW (string "\nmap-length: ")   [<unknown>:8],
        0002f | LOOKUP (var "map")   [<unknown>:9],
        00030 | BUILD_LIST (0 items)   [<unknown>:9],
        00031 | APPLY_FILTER (name "length")   [<unknown>:9],
        00032 | EMIT   [<unknown>:9],
        00033 | EMIT_RAW (string "\nstring-length: ")   [<unknown>:9],
        00034 | LOOKUP (var "word")   [<unknown>:10],
        00035 | BUILD_LIST (0 items)   [<unknown>:10],
        00036 | APPLY_FILTER (name "length")   [<unknown>:10],
        00037 | EMIT   [<unknown>:10],
        00038 | EMIT_RAW (string "\nstring-count: ")   [<unknown>:10],
        00039 | LOOKUP (var "word")   [<unknown>:11],
        0003a | BUILD_LIST (0 items)   [<unknown>:11],
        0003b | APPLY_FILTER (name "count")   [<unknown>:11],
        0003c | EMIT   [<unknown>:11],
        0003d | EMIT_RAW (string "\nreverse-list: ")   [<unknown>:11],
        0003e | LOOKUP (var "list")   [<unknown>:12],
        0003f | BUILD_LIST (0 items)   [<unknown>:12],
        00040 | APPLY_FILTER (name "reverse")   [<unknown>:12],
        00041 | EMIT   [<unknown>:12],
        00042 | EMIT_RAW (string "\nreverse-string: ")   [<unknown>:12],
        00043 | LOOKUP (var "word")   [<unknown>:13],
        00044 | BUILD_LIST (0 items)   [<unknown>:13],
        00045 | APPLY_FILTER (name "reverse")   [<unknown>:13],
        00046 | EMIT   [<unknown>:13],
        00047 | EMIT_RAW (string "\ntrim: |")   [<unknown>:13],
        00048 | LOOKUP (var "word_with_spaces")   [<unknown>:14],
        00049 | BUILD_LIST (0 items)   [<unknown>:14],
        0004a | APPLY_FILTER (name "trim")   [<unknown>:14],
        0004b | EMIT   [<unknown>:14],
        0004c | EMIT_RAW (string "|\ntrim-bird: ")   [<unknown>:14],
        0004d | LOOKUP (var "word")   [<unknown>:15],
        0004e | LOAD_CONST (value "Bd")   [<unknown>:15],
        0004f | BUILD_LIST (1 items)   [<unknown>:15],
        00050 | APPLY_FILTER (name "trim")   [<unknown>:15],
        00051 | EMIT   [<unknown>:15],
        00052 | EMIT_RAW (string "\njoin-default: ")   [<unknown>:15],
        00053 | LOOKUP (var "list")   [<unknown>:16],
        00054 | BUILD_LIST (0 items)   [<unknown>:16],
        00055 | APPLY_FILTER (name "join")   [<unknown>:16],
        00056 | EMIT   [<unknown>:16],
        00057 | EMIT_RAW (string "\njoin-pipe: ")   [<unknown>:16],
        00058 | LOOKUP (var "list")   [<unknown>:17],
        00059 | LOAD_CONST (value "|")   [<unknown>:17],
        0005a | BUILD_LIST (1 items)   [<unknown>:17],
        0005b | APPLY_FILTER (name "join")   [<unknown>:17],
        0005c | EMIT   [<unknown>:17],
        0005d | EMIT_RAW (string "\njoin_string: ")   [<unknown>:17],
        0005e | LOOKUP (var "word")   [<unknown>:18],
        0005f | LOAD_CONST (value "-")   [<unknown>:18],
        00060 | BUILD_LIST (1 items)   [<unknown>:18],
        00061 | APPLY_FILTER (name "join")   [<unknown>:18],
        00062 | EMIT   [<unknown>:18],
        00063 | EMIT_RAW (string "\ndefault: ")   [<unknown>:18],
        00064 | LOOKUP (var "undefined")   [<unknown>:19],
        00065 | BUILD_LIST (0 items)   [<unknown>:19],
        00066 | APPLY_FILTER (name "default")   [<unknown>:19],
        00067 | LOAD_CONST (value "")   [<unknown>:19],
        00068 | EQ   [<unknown>:19],
        00069 | EMIT   [<unknown>:19],
        0006a | EMIT_RAW (string "\ndefault-value: ")   [<unknown>:19],
        0006b | LOOKUP (var "undefined")   [<unknown>:20],
        0006c | LOAD_CONST (value 42)   [<unknown>:20],
        0006d | BUILD_LIST (1 items)   [<unknown>:20],
        0006e | APPLY_FILTER (name "default")   [<unknown>:20],
        0006f | EMIT   [<unknown>:20],
        00070 | EMIT_RAW (string "\nd: ")   [<unknown>:20],
        00071 | LOOKUP (var "undefined")   [<unknown>:21],
        00072 | BUILD_LIST (0 items)   [<unknown>:21],
        00073 | APPLY_FILTER (name "d")   [<unknown>:21],
        00074 | LOAD_CONST (value "")   [<unknown>:21],
        00075 | EQ   [<unknown>:21],
        00076 | EMIT   [<unknown>:21],
        00077 | EMIT_RAW (string "\n")   [<unknown>:21],
    ],
    blocks: {},
    initial_auto_escape: None,
}
