---
source: minijinja/tests/test_templates.rs
expression: "&rendered"
input_file: minijinja/tests/inputs/block_super.html

---

  <p>New Content</p>
  
  <p>Default Content</p>



=====

Template {
    name: "block_super.html",
    instructions: [
        00000 | LOAD_CONST (value "super_with_html.html")   [<unknown>:1],
        00001 | LOAD_BLOCKS   [<unknown>:1],
        00002 | EMIT_RAW (string "\n")   [<unknown>:1],
        00003 | CALL_BLOCK (name "body")   [<unknown>:2],
        00004 | EMIT_RAW (string "\n")   [<unknown>:5],
    ],
    blocks: {
        "body": [
            00000 | EMIT_RAW (string "\n  <p>New Content</p>\n  ")   [<unknown>:2],
            00001 | BUILD_LIST (0 items)   [<unknown>:4],
            00002 | CALL_FUNCTION (name "super")   [<unknown>:4],
            00003 | EMIT   [<unknown>:4],
            00004 | EMIT_RAW (string "\n")   [<unknown>:4],
        ],
    },
    initial_auto_escape: Html,
}
