---
source: minijinja/tests/test_lexer.rs
description: "Hello {{ name }}!"
input_file: minijinja/tests/lexer-inputs/basic.txt
---
TemplateData("Hello ")
  "Hello "
VariableStart(false)
  "{{"
Ident("name")
  "name"
VariableEnd(false)
  "}}"
TemplateData("!\n")
  "!\n"

